88565 89208 89671 91437 92063 92333 94618 97241 97257 99807 