867788652 868862862 882143189 886548456 887824341 911435902 921845864 959321788 964419054 980664860 