999077963 999113001 999113472 999119627 999123103 999126361 999126368 999128753 999143303 999146190 999149053 999149877 999163071 999165870 999171113 999171596 999175800 999177863 999179786 999187664 999195110 999204772 999206868 999209873 999235311 999243581 999265453 999304457 999310135 999312417 999314018 999325975 999336689 999359764 999360629 999360997 999383030 999417122 999421369 999421886 999434461 999443038 999456040 999472606 999480554 999481910 999487241 999499245 999510891 999517226 999518623 999536265 999561183 999586248 999601971 999602039 999608548 999609143 999619035 999657825 999681718 999698025 999711019 999712957 999714628 999732159 999745370 999753823 999772462 999774689 999779017 999780742 999785648 999793935 999795884 999799186 999801332 999813224 999814834 999830700 999837043 999838299 999846677 999870356 999875768 999878752 999886261 999887037 999905708 999913339 999916235 999922421 999924983 999925886 999930739 999956165 999957525 999969004 999976799 999986095 