999905295 999905496 999905532 999906079 999908010 999908252 999908733 999909690 999910234 999910736 999913395 999913842 999918250 999919260 999921065 999922537 999922561 999923194 999923215 999923426 999923518 999923622 999923735 999923811 999930739 999932119 999933221 999934629 999934766 999935352 999936356 999936426 999937137 999937508 999938563 999940141 999941241 999943663 999943698 999943709 999944876 999945082 999945880 999946728 999947047 999947701 999947864 999947870 999948467 999949594 999950040 999951639 999952447 999953191 999954023 999956480 999956530 999957487 999959407 999960506 999960875 999962495 999962827 999964503 999964797 999965588 999966297 999967091 999969544 999969977 999970810 999971233 999971572 999972311 999973822 999973930 999974154 999974285 999976071 999980071 999980899 999981098 999982128 999982290 999983969 999984426 999985341 999986128 999986771 999987400 999987475 999988643 999989013 999989516 999993182 999993763 999994062 999995466 999996252 999997424 